2026-06-08 10:53:49  INFO      __main__  ════════════════════════════════════════════════════════════
2026-06-08 10:53:49  INFO      __main__  Dremio DQ POC  —  starting  (ts=2026-06-08_10-53-49)
2026-06-08 10:53:49  INFO      __main__  ════════════════════════════════════════════════════════════
2026-06-08 10:53:49  INFO      __main__  Config loaded: 12 tables, 40 unique queries
2026-06-08 10:53:49  INFO      __main__  Starting DQ checks…
2026-06-08 10:53:49  INFO      lib.dremio_client  DremioClient initialised  host=http://dlakegtwprd:9047  auth_type=bearer
2026-06-08 10:53:49  INFO      lib.dq_runner  Executing 40 unique SQL queries…
2026-06-08 10:53:49  INFO      lib.dq_runner    Running query_id=8b3b964e7c61
2026-06-08 10:53:55  INFO      lib.dq_runner    Running query_id=cb05f45f09cb
2026-06-08 10:53:58  INFO      lib.dq_runner    Running query_id=3b07d9d2a1c1
2026-06-08 10:54:00  INFO      lib.dq_runner    Running query_id=d5be9c68a83a
2026-06-08 10:54:03  INFO      lib.dq_runner    Running query_id=4eda8649aba1
2026-06-08 10:54:05  INFO      lib.dq_runner    Running query_id=86f47e3d8063
2026-06-08 10:54:08  INFO      lib.dq_runner    Running query_id=8e8db6661152
2026-06-08 10:54:11  INFO      lib.dq_runner    Running query_id=f691094c7cd2
2026-06-08 10:54:14  INFO      lib.dq_runner    Running query_id=46ddccb241f9
2026-06-08 10:54:19  INFO      lib.dq_runner    Running query_id=639cc2b91e8a
2026-06-08 10:54:24  INFO      lib.dq_runner    Running query_id=69aa97d048f6
2026-06-08 10:54:26  INFO      lib.dq_runner    Running query_id=a671a530e69a
2026-06-08 10:54:29  INFO      lib.dq_runner    Running query_id=0e89f96df60f
2026-06-08 10:54:32  INFO      lib.dq_runner    Running query_id=87b0c346a9e8
2026-06-08 10:54:34  INFO      lib.dq_runner    Running query_id=9ffbbf6e552b
2026-06-08 10:54:37  INFO      lib.dq_runner    Running query_id=d5dcdbb365e9
2026-06-08 10:54:40  INFO      lib.dq_runner    Running query_id=d988ca7f64f8
2026-06-08 10:54:43  INFO      lib.dq_runner    Running query_id=9430c99bcc3f
2026-06-08 10:54:45  INFO      lib.dq_runner    Running query_id=163935f9fe5c
2026-06-08 10:54:48  INFO      lib.dq_runner    Running query_id=aa6b7cbe5f83
2026-06-08 10:54:51  INFO      lib.dq_runner    Running query_id=0f4ee460b27c
2026-06-08 10:54:53  INFO      lib.dq_runner    Running query_id=7f20313fe62f
2026-06-08 10:55:07  INFO      lib.dq_runner    Running query_id=6b0e7702df64
2026-06-08 10:55:17  INFO      lib.dq_runner    Running query_id=ac4bbd288480
2026-06-08 10:57:18  ERROR     lib.dremio_client  Query execution failed: Job 15d96e79-a68b-17bc-de4e-84f219d7d700 timed out after 120.0s
2026-06-08 10:57:18  INFO      lib.dq_runner    Running query_id=11aa97bac464
2026-06-08 10:57:20  INFO      lib.dq_runner    Running query_id=c4451d7eb19b
2026-06-08 10:57:23  INFO      lib.dq_runner    Running query_id=8f9cfffd9079
2026-06-08 10:57:26  INFO      lib.dq_runner    Running query_id=dd31e1d2068e
2026-06-08 10:57:28  INFO      lib.dq_runner    Running query_id=b9336db01b86
2026-06-08 10:57:31  INFO      lib.dq_runner    Running query_id=2358b1395eb4
2026-06-08 10:57:34  INFO      lib.dq_runner    Running query_id=87a146e59e84
2026-06-08 10:57:36  INFO      lib.dq_runner    Running query_id=1ab2130a6e75
2026-06-08 10:57:39  INFO      lib.dq_runner    Running query_id=d0c95a45527c
2026-06-08 10:57:57  INFO      lib.dq_runner    Running query_id=5df17b8df8be
2026-06-08 10:58:00  INFO      lib.dq_runner    Running query_id=9dcb29f94032
2026-06-08 10:59:25  INFO      lib.dq_runner    Running query_id=f53a396abb15
2026-06-08 11:00:13  INFO      lib.dq_runner    Running query_id=3afbd771c0fa
2026-06-08 11:02:15  ERROR     lib.dremio_client  Query execution failed: Job 15d96d51-94b2-2a5e-827f-c0a1066a7800 timed out after 120.0s
2026-06-08 11:02:15  INFO      lib.dq_runner    Running query_id=089a8c56d285
2026-06-08 11:02:26  INFO      lib.dq_runner    Running query_id=ca0d53261a8d
2026-06-08 11:02:35  INFO      lib.dq_runner    Running query_id=6180a33a7d32
2026-06-08 11:02:38  INFO      lib.dq_runner    Table professional_description                  score=67.88%  flag=FAIL  rows=29515
2026-06-08 11:02:38  INFO      lib.dq_runner    Table professional_activity                     score=100.0%  flag=PASS  rows=29507
2026-06-08 11:02:38  INFO      lib.dq_runner    Table natural_person_description                score=98.84%  flag=PASS  rows=4607610
2026-06-08 11:02:38  INFO      lib.dq_runner    Table legal_entity_financial_data               score=92.16%  flag=PASS  rows=90246
2026-06-08 11:02:38  INFO      lib.dq_runner    Table legal_entity_description                  score=99.32%  flag=PASS  rows=91147
2026-06-08 11:02:38  WARNING   lib.dq_runner    Table customers: 1/4 checks failed (counted as 0%)
2026-06-08 11:02:38  INFO      lib.dq_runner    Table customers                                 score=75.0%  flag=WARN  rows=4728274
2026-06-08 11:02:38  INFO      lib.dq_runner    Table customer_job                              score=53.05%  flag=FAIL  rows=4552894
2026-06-08 11:02:38  INFO      lib.dq_runner    Table customer_activity                         score=100.0%  flag=PASS  rows=91739
2026-06-08 11:02:38  INFO      lib.dq_runner    Table company_shareholders                      score=25.37%  flag=FAIL  rows=98079
2026-06-08 11:02:38  WARNING   lib.dq_runner    Table customer_mail: 1/4 checks failed (counted as 0%)
2026-06-08 11:02:38  INFO      lib.dq_runner    Table customer_mail                             score=71.3%  flag=WARN  rows=8163895
2026-06-08 11:02:38  INFO      lib.dq_runner    Table customer_creation_context                 score=99.15%  flag=PASS  rows=9487807
2026-06-08 11:02:38  INFO      lib.dq_runner    Table customer_segmentation                     score=98.72%  flag=PASS  rows=78
2026-06-08 11:02:38  WARNING   lib.dq_runner  ⚠  2 check(s) failed globally. Scores reflect failures as 0%.
2026-06-08 11:02:38  INFO      lib.dq_runner  DQ run complete.  Timestamp: 2026-06-08T10:53:49
2026-06-08 11:02:38  INFO      __main__  Writing YAML output to: output\2026-06-08_10-53-49
2026-06-08 11:02:38  INFO      lib.yaml_writer    [table] professional_description → professional_description.yaml
2026-06-08 11:02:38  INFO      lib.yaml_writer    [table] professional_activity → professional_activity.yaml
2026-06-08 11:02:38  INFO      lib.yaml_writer    [table] natural_person_description → natural_person_description.yaml
2026-06-08 11:02:38  INFO      lib.yaml_writer    [table] legal_entity_financial_data → legal_entity_financial_data.yaml
2026-06-08 11:02:38  INFO      lib.yaml_writer    [table] legal_entity_description → legal_entity_description.yaml
2026-06-08 11:02:38  INFO      lib.yaml_writer    [table] customers → customers.yaml
2026-06-08 11:02:38  INFO      lib.yaml_writer    [table] customer_job → customer_job.yaml
2026-06-08 11:02:38  INFO      lib.yaml_writer    [table] customer_activity → customer_activity.yaml
2026-06-08 11:02:38  INFO      lib.yaml_writer    [table] company_shareholders → company_shareholders.yaml
2026-06-08 11:02:38  INFO      lib.yaml_writer    [table] customer_mail → customer_mail.yaml
2026-06-08 11:02:38  INFO      lib.yaml_writer    [table] customer_creation_context → customer_creation_context.yaml
2026-06-08 11:02:38  INFO      lib.yaml_writer    [table] customer_segmentation → customer_segmentation.yaml
2026-06-08 11:02:38  INFO      lib.yaml_writer    [global] → _all_tables.yaml
2026-06-08 11:02:38  INFO      lib.yaml_writer  All YAML files written to: output\2026-06-08_10-53-49\2026-06-08_10-53-49_yaml  (global_score=81.7%  flag=WARN)
2026-06-08 11:02:38  INFO      __main__  Writing CSV output to: output\2026-06-08_10-53-49
2026-06-08 11:02:38  INFO      lib.csv_writer  Per-table CSV written: output\2026-06-08_10-53-49\2026-06-08_10-53-49_csv\professional_description.csv
2026-06-08 11:02:38  INFO      lib.csv_writer  Per-table CSV written: output\2026-06-08_10-53-49\2026-06-08_10-53-49_csv\professional_activity.csv
2026-06-08 11:02:38  INFO      lib.csv_writer  Per-table CSV written: output\2026-06-08_10-53-49\2026-06-08_10-53-49_csv\natural_person_description.csv
2026-06-08 11:02:38  INFO      lib.csv_writer  Per-table CSV written: output\2026-06-08_10-53-49\2026-06-08_10-53-49_csv\legal_entity_financial_data.csv
2026-06-08 11:02:38  INFO      lib.csv_writer  Per-table CSV written: output\2026-06-08_10-53-49\2026-06-08_10-53-49_csv\legal_entity_description.csv
2026-06-08 11:02:38  INFO      lib.csv_writer  Per-table CSV written: output\2026-06-08_10-53-49\2026-06-08_10-53-49_csv\customers.csv
2026-06-08 11:02:38  INFO      lib.csv_writer  Per-table CSV written: output\2026-06-08_10-53-49\2026-06-08_10-53-49_csv\customer_job.csv
2026-06-08 11:02:38  INFO      lib.csv_writer  Per-table CSV written: output\2026-06-08_10-53-49\2026-06-08_10-53-49_csv\customer_activity.csv
2026-06-08 11:02:38  INFO      lib.csv_writer  Per-table CSV written: output\2026-06-08_10-53-49\2026-06-08_10-53-49_csv\company_shareholders.csv
2026-06-08 11:02:38  INFO      lib.csv_writer  Per-table CSV written: output\2026-06-08_10-53-49\2026-06-08_10-53-49_csv\customer_mail.csv
2026-06-08 11:02:38  INFO      lib.csv_writer  Per-table CSV written: output\2026-06-08_10-53-49\2026-06-08_10-53-49_csv\customer_creation_context.csv
2026-06-08 11:02:38  INFO      lib.csv_writer  Per-table CSV written: output\2026-06-08_10-53-49\2026-06-08_10-53-49_csv\customer_segmentation.csv
2026-06-08 11:02:38  INFO      lib.csv_writer  Global summary CSV written: output\2026-06-08_10-53-49\2026-06-08_10-53-49_csv\_all_tables.csv
2026-06-08 11:02:38  INFO      __main__  Writing CSV output to: output\2026-06-08_10-53-49
2026-06-08 11:02:38  INFO      lib.csv_writer  Per-table CSV written: output\2026-06-08_10-53-49\2026-06-08_10-53-49_csv\professional_description.csv
2026-06-08 11:02:38  INFO      lib.csv_writer  Per-table CSV written: output\2026-06-08_10-53-49\2026-06-08_10-53-49_csv\professional_activity.csv
2026-06-08 11:02:38  INFO      lib.csv_writer  Per-table CSV written: output\2026-06-08_10-53-49\2026-06-08_10-53-49_csv\natural_person_description.csv
2026-06-08 11:02:38  INFO      lib.csv_writer  Per-table CSV written: output\2026-06-08_10-53-49\2026-06-08_10-53-49_csv\legal_entity_financial_data.csv
2026-06-08 11:02:38  INFO      lib.csv_writer  Per-table CSV written: output\2026-06-08_10-53-49\2026-06-08_10-53-49_csv\legal_entity_description.csv
2026-06-08 11:02:38  INFO      lib.csv_writer  Per-table CSV written: output\2026-06-08_10-53-49\2026-06-08_10-53-49_csv\customers.csv
2026-06-08 11:02:38  INFO      lib.csv_writer  Per-table CSV written: output\2026-06-08_10-53-49\2026-06-08_10-53-49_csv\customer_job.csv
2026-06-08 11:02:38  INFO      lib.csv_writer  Per-table CSV written: output\2026-06-08_10-53-49\2026-06-08_10-53-49_csv\customer_activity.csv
2026-06-08 11:02:38  INFO      lib.csv_writer  Per-table CSV written: output\2026-06-08_10-53-49\2026-06-08_10-53-49_csv\company_shareholders.csv
2026-06-08 11:02:38  INFO      lib.csv_writer  Per-table CSV written: output\2026-06-08_10-53-49\2026-06-08_10-53-49_csv\customer_mail.csv
2026-06-08 11:02:38  INFO      lib.csv_writer  Per-table CSV written: output\2026-06-08_10-53-49\2026-06-08_10-53-49_csv\customer_creation_context.csv
2026-06-08 11:02:38  INFO      lib.csv_writer  Per-table CSV written: output\2026-06-08_10-53-49\2026-06-08_10-53-49_csv\customer_segmentation.csv
2026-06-08 11:02:38  INFO      lib.csv_writer  Global summary CSV written: output\2026-06-08_10-53-49\2026-06-08_10-53-49_csv\_all_tables.csv
2026-06-08 11:02:38  INFO      __main__  Run complete.
